Dynamic instructions:  10
Total cycles:          37
I-cache hits:          0
I-cache misses:        0
D-cache hits:          0
D-cache misses:        0
Load-use stalls:       0
