Dynamic instructions:  90
Total cycles:          395
I-cache hits:          0
I-cache misses:        0
D-cache hits:          0
D-cache misses:        0
Load-use stalls:       0
