Cycle:        0	|| addi $t1, $zero, 0xffff | nop                     | nop                     | nop                     | nop                     |
Cycle:        1	|| addi $t1, $zero, 0xffff | nop                     | nop                     | nop                     | nop                     |
Cycle:        2	|| addi $t1, $zero, 0xffff | nop                     | nop                     | nop                     | nop                     |
Cycle:        3	|| addi $t1, $zero, 0xffff | nop                     | nop                     | nop                     | nop                     |
Cycle:        4	|| addi $t1, $zero, 0xffff | nop                     | nop                     | nop                     | nop                     |
Cycle:        5	|| addi $t1, $zero, 0xffff | nop                     | nop                     | nop                     | nop                     |
Cycle:        6	|| srl $t1, $t1, 1         | addi $t1, $zero, 0xffff | nop                     | nop                     | nop                     |
Cycle:        7	|| addiu $t3, $zero, 0x2   | srl $t1, $t1, 1         | addi $t1, $zero, 0xffff | nop                     | nop                     |
Cycle:        8	|| addiu $t4, $zero, 0xfeed | addiu $t3, $zero, 0x2   | srl $t1, $t1, 1         | addi $t1, $zero, 0xffff | nop                     |
Cycle:        9	|| addiu $t5, $zero, 0x200c | addiu $t4, $zero, 0xfeed | addiu $t3, $zero, 0x2   | srl $t1, $t1, 1         | addi $t1, $zero, 0xffff |
Cycle:       10	|| addiu $t5, $zero, 0x200c | nop                     | addiu $t4, $zero, 0xfeed | addiu $t3, $zero, 0x2   | srl $t1, $t1, 1         |
Cycle:       11	|| addiu $t5, $zero, 0x200c | nop                     | nop                     | addiu $t4, $zero, 0xfeed | addiu $t3, $zero, 0x2   |
Cycle:       12	|| addiu $t5, $zero, 0x200c | nop                     | nop                     | nop                     | addiu $t4, $zero, 0xfeed |
Cycle:       13	|| addiu $t5, $zero, 0x200c | nop                     | nop                     | nop                     | nop                     |
Cycle:       14	|| addiu $t5, $zero, 0x200c | nop                     | nop                     | nop                     | nop                     |
Cycle:       15	|| addiu $t6, $zero, 0x5   | addiu $t5, $zero, 0x200c | nop                     | nop                     | nop                     |
Cycle:       16	|| lui $at, 0x1            | addiu $t6, $zero, 0x5   | addiu $t5, $zero, 0x200c | nop                     | nop                     |
Cycle:       17	|| sh $t5, -32768($at)     | lui $at, 0x1            | addiu $t6, $zero, 0x5   | addiu $t5, $zero, 0x200c | nop                     |
Cycle:       18	|| lui $at, 0x1            | sh $t5, -32768($at)     | lui $at, 0x1            | addiu $t6, $zero, 0x5   | addiu $t5, $zero, 0x200c |
Cycle:       19	|| lui $at, 0x1            | nop                     | sh $t5, -32768($at)     | lui $at, 0x1            | addiu $t6, $zero, 0x5   |
Cycle:       20	|| lui $at, 0x1            | nop                     | nop                     | sh $t5, -32768($at)     | lui $at, 0x1            |
Cycle:       21	|| lui $at, 0x1            | nop                     | nop                     | sh $t5, -32768($at)     | nop                     |
Cycle:       22	|| lui $at, 0x1            | nop                     | nop                     | sh $t5, -32768($at)     | nop                     |
Cycle:       23	|| lui $at, 0x1            | nop                     | nop                     | sh $t5, -32768($at)     | nop                     |
Cycle:       24	|| lui $at, 0x1            | nop                     | nop                     | sh $t5, -32768($at)     | nop                     |
Cycle:       25	|| lui $at, 0x1            | nop                     | nop                     | sh $t5, -32768($at)     | nop                     |
Cycle:       26	|| lui $at, 0x1            | nop                     | nop                     | sh $t5, -32768($at)     | nop                     |
Cycle:       27	|| lui $at, 0x1            | nop                     | nop                     | sh $t5, -32768($at)     | nop                     |
Cycle:       28	|| lui $at, 0x1            | nop                     | nop                     | sh $t5, -32768($at)     | nop                     |
Cycle:       29	|| sh $t6, -32766($at)     | lui $at, 0x1            | nop                     | nop                     | sh $t5, -32768($at)     |
Cycle:       30	|| lui $at, 0x1            | sh $t6, -32766($at)     | lui $at, 0x1            | nop                     | nop                     |
Cycle:       31	|| sh $t4, -32764($at)     | lui $at, 0x1            | sh $t6, -32766($at)     | lui $at, 0x1            | nop                     |
Cycle:       32	|| lui $at, 0x1            | sh $t4, -32764($at)     | lui $at, 0x1            | sh $t6, -32766($at)     | lui $at, 0x1            |
Cycle:       33	|| lui $at, 0x1            | nop                     | sh $t4, -32764($at)     | lui $at, 0x1            | sh $t6, -32766($at)     |
Cycle:       34	|| lui $at, 0x1            | nop                     | nop                     | sh $t4, -32764($at)     | lui $at, 0x1            |
Cycle:       35	|| lui $at, 0x1            | nop                     | nop                     | nop                     | sh $t4, -32764($at)     |
Cycle:       36	|| lui $at, 0x1            | nop                     | nop                     | nop                     | nop                     |
Cycle:       37	|| lui $at, 0x1            | nop                     | nop                     | nop                     | nop                     |
Cycle:       38	|| sh $t4, -32762($at)     | lui $at, 0x1            | nop                     | nop                     | nop                     |
Cycle:       39	|| nop                     | sh $t4, -32762($at)     | lui $at, 0x1            | nop                     | nop                     |
Cycle:       40	|| nop                     | nop                     | sh $t4, -32762($at)     | lui $at, 0x1            | nop                     |
Cycle:       41	|| nop                     | nop                     | nop                     | sh $t4, -32762($at)     | lui $at, 0x1            |
Cycle:       42	|| addi $t4, $zero, 0x5    | nop                     | nop                     | nop                     | sh $t4, -32762($at)     |
Cycle:       43	|| addi $t4, $zero, 0x5    | nop                     | nop                     | nop                     | nop                     |
Cycle:       44	|| addi $t4, $zero, 0x5    | nop                     | nop                     | nop                     | nop                     |
Cycle:       45	|| addi $t4, $zero, 0x5    | nop                     | nop                     | nop                     | nop                     |
Cycle:       46	|| addi $t4, $zero, 0x5    | nop                     | nop                     | nop                     | nop                     |
Cycle:       47	|| addi $t4, $zero, 0x5    | nop                     | nop                     | nop                     | nop                     |
Cycle:       48	|| HALT                    | addi $t4, $zero, 0x5    | nop                     | nop                     | nop                     |
Cycle:       49	|| nop                     | HALT                    | addi $t4, $zero, 0x5    | nop                     | nop                     |
Cycle:       50	|| nop                     | nop                     | HALT                    | addi $t4, $zero, 0x5    | nop                     |
Cycle:       51	|| nop                     | nop                     | nop                     | HALT                    | addi $t4, $zero, 0x5    |
Cycle:       52	|| nop                     | nop                     | nop                     | nop                     | HALT                    |
