---------------------
Begin Memory State
---------------------
0x00000000: 0x3c080000 0x00abcdef 0x8d090000 0x00000000 0xad090004 
0x00000014: 0x8d0f0008 0x00000000 0xade90004 0x8d090000 0x00000000 
0x00000028: 0x01294820 0xad09000c 0x95090000 0x00000000 0x352a0000 
0x0000003c: 0x00000000 0x00000000 0x95090000 0x35490000 0x3c080000 
0x00000050: 0x250800a8 0x00000000 0x00000000 0x00000000 0x00000000 
0x00000064: 0x91090000 0x8d090000 0x00000000 0x95280000 0x00000000 
0x00000078: 0xfeedfeed 0x00000000 0x00abcdef 0x00abcdef 0x00000000 
0x0000008c: 0x01579bde 0x00000000 0x00000000 0x00000000 0x00000000 
0x000000a0: 0x00000000 0x00000000 0x00000100 0x00000000 0x00000000 
0x000000b4: 0x00000000 0x00000000 0x00000000 0x00000000 0x00000000 
0x000000c8: 0x00000000 0x00000000 0x00000000 0x00000000 0x00000000 
0x000000dc: 0x00000000 0x00000000 0x00000000 0x00000000 0x00000000 
0x000000f0: 0x00000000 0x00000000 0x00000000 0x00000000 0x00000000 
0x00000104: 0x00000000 0x00000000 0x00000000 0x00000000 0x00000000 
0x00000118: 0x00000000 0x00000000 0x00000000 0x00000000 0x00000000 
0x0000012c: 0x00000000 0x00000000 0x00000000 0x00000000 0x00000000 
0x00000140: 0x00000000 0x00000000 0x00000000 0x00000000 0x00000000 
0x00000154: 0x00000000 0x00000000 0x00000000 0x00000000 0x00000000 
0x00000168: 0x00000000 0x00000000 0x00000000 0x00000000 0x00000000 
0x0000017c: 0x00000000 0x00000000 0x00000000 0x00000000 0x00000000 
0x00000190: 0x00000000 0x00000000 0x00000000 0x00000000 0x00000000 
0x000001a4: 0x00000000 0x00000000 0x00000000 0x00000000 0x00000000 
0x000001b8: 0x00000000 0x00000000 0x00000000 0x00000000 0x00000000 
0x000001cc: 0x00000000 0x00000000 0x00000000 0x00000000 0x00000000 
0x000001e0: 0x00000000 0x00000000 0x00000000 0x00000000 0x00000000 
---------------------
End Memory State
---------------------
