---------------------
Begin Memory State
---------------------
0x00000000: 0x24180180 0x24080004 0x24090005 0x0c000057 0x0109c820 
0x00000014: 0x212a0003 0x0c000057 0x21590000 0x24080003 0x24090002 
0x00000028: 0x0c000057 0x0109c824 0x0c000057 0x31190002 0x24080004 
0x0000003c: 0x24090007 0x0c000057 0x0109c827 0x24080009 0x24090006 
0x00000050: 0x0c000057 0x0109c825 0x0c000057 0x35190006 0x24080003 
0x00000064: 0x0c000057 0x0008c8c0 0x24080010 0x0c000057 0x0008c8c2 
0x00000078: 0x2408000b 0x24090008 0x0c000057 0x0109c822 0x0c000057 
0x0000008c: 0x00000000 0x0c000057 0x00000000 0x11090003 0x00000000 
0x000000a0: 0x15090004 0x00000000 0x3c190003 0x0c000057 0x373940dd 
0x000000b4: 0x0c000057 0x24190020 0x2408fffd 0x1d000003 0x00000000 
0x000000c8: 0x19000004 0x00000000 0x3c190003 0x0c000057 0x373940dd 
0x000000dc: 0x0c000057 0x24190040 0x3408ffff 0x00084400 0x3409ffff 
0x000000f0: 0x01094020 0x24090000 0x90190000 0x0c000057 0x00000000 
0x00000104: 0x94190000 0x0c000057 0x00000000 0x0c000057 0x3c19007b 
0x00000118: 0x24080004 0x24090003 0x0c000057 0x0109c82a 0x0c000057 
0x0000012c: 0x29190008 0x3408ffff 0x00084400 0x3409ffff 0x01094020 
0x00000140: 0x0c000057 0x21190000 0xa3080000 0x23180004 0xa7080000 
0x00000154: 0x0800005b 0x23180004 0xaf190000 0x23180004 0x03e00008 
0x00000168: 0x24190000 0xfeedfeed 0x00000000 0x00000000 0x00000000 
0x0000017c: 0x00000000 0x00000009 0x00000008 0x00000002 0x00000002 
0x00000190: 0xfffffff8 0x0000000f 0x0000000f 0x00000018 0x00000002 
0x000001a4: 0x00000003 0x00000000 0x00000000 0x00000020 0x00000040 
0x000001b8: 0x00000024 0x00002418 0x007b0000 0x00000000 0x00000001 
0x000001cc: 0xffffffff 0xff000000 0xffff0000 0x00000000 0x00000000 
0x000001e0: 0x00000000 0x00000000 0x00000000 0x00000000 0x00000000 
---------------------
End Memory State
---------------------
