Dynamic instructions:  162
Total cycles:          337
I-cache hits:          0
I-cache misses:        0
D-cache hits:          0
D-cache misses:        0
Load-use stalls:       0
